---
source: tests/misc.rs
expression: serialized
---
value: S
range:
  start: 0
  end: 6
subtrees:
- value: X
  range:
    start: 0
    end: 1
  subtrees:
  - value: A
    range:
      start: 0
      end: 1
    subtrees: []
- value: R
  range:
    start: 1
    end: 3
  subtrees:
  - value: Q
    range:
      start: 1
      end: 3
    subtrees:
    - value: P
      range:
        start: 1
        end: 3
      subtrees:
      - value: Y
        range:
          start: 1
          end: 3
        subtrees:
        - value: B
          range:
            start: 1
            end: 2
          subtrees: []
        - value: B
          range:
            start: 2
            end: 3
          subtrees: []
- value: Z
  range:
    start: 3
    end: 6
  subtrees:
  - value: C
    range:
      start: 3
      end: 4
    subtrees: []
  - value: C
    range:
      start: 4
      end: 5
    subtrees: []
  - value: C
    range:
      start: 5
      end: 6
    subtrees: []
